........................................................................ [ 18%]
........................................................................ [ 37%]
........................................................................ [ 56%]
........................................................................ [ 74%]
........................................................................ [ 93%]
.........................                                                [100%]
385 passed in 12.22s
