============================================================
AI Agent Observability Platform - Verification
============================================================

[1] Health Check
  [PASS] Health endpoint
  [PASS] Service name

[2] Generate Demo Traces
  [PASS] All demos generated
  [PASS] Agent trace created
  [PASS] RAG trace created
  [PASS] Tool trace created
  [PASS] Security trace created

[3] Full Agent Execution Chain
  [PASS] Trace retrieved
  [PASS] Trace has spans
  [PASS] Has prompt span
  [PASS] Has rag span
  [PASS] Has tool span
  [PASS] Has llm span
  [PASS] Has agent span
  [PASS] Timeline generated
  [PASS] Timeline has offsets
  [PASS] Timeline has depth
  [PASS] Graph has nodes
  [PASS] Graph has edges
  [PASS] Steps generated
  [PASS] Steps have input/output

[4] Metrics Engine (Layer 1)
  [PASS] Metrics overview
  [PASS] Token stats
  [PASS] Cost tracking
  [PASS] Latency stats
python : Traceback (most recent call last):
所在位置 行:1 字符: 1
+ python -u test_observability.py > test_output.txt 2>&1
+ ~~~~~~~~~~~~~~~~~~~~~~~~~~~~~~~~~~~~~~~~~~~~~~~~~~~~~~
    + CategoryInfo          : NotSpecified: (Traceback (most recent call last) 
   ::String) [], RemoteException
    + FullyQualifiedErrorId : NativeCommandError
 
  File "C:\Users\capgo\AppData\Local\Python\pythoncore-3.14-64\Lib\urllib\reque
st.py", line 1321, in do_open
    h.request(req.get_method(), req.selector, req.data, headers,
    ~~~~~~~~~^^^^^^^^^^^^^^^^^^^^^^^^^^^^^^^^^^^^^^^^^^^^^^^^^^^
              encode_chunked=req.has_header('Transfer-encoding'))
              ^^^^^^^^^^^^^^^^^^^^^^^^^^^^^^^^^^^^^^^^^^^^^^^^^^^
  File "C:\Users\capgo\AppData\Local\Python\pythoncore-3.14-64\Lib\http\client.
py", line 1367, in request
    self._send_request(method, url, body, headers, encode_chunked)
    ~~~~~~~~~~~~~~~~~~^^^^^^^^^^^^^^^^^^^^^^^^^^^^^^^^^^^^^^^^^^^^
  File "C:\Users\capgo\AppData\Local\Python\pythoncore-3.14-64\Lib\http\client.
py", line 1413, in _send_request
    self.endheaders(body, encode_chunked=encode_chunked)
    ~~~~~~~~~~~~~~~^^^^^^^^^^^^^^^^^^^^^^^^^^^^^^^^^^^^^
  File "C:\Users\capgo\AppData\Local\Python\pythoncore-3.14-64\Lib\http\client.
py", line 1362, in endheaders
    self._send_output(message_body, encode_chunked=encode_chunked)
    ~~~~~~~~~~~~~~~~~^^^^^^^^^^^^^^^^^^^^^^^^^^^^^^^^^^^^^^^^^^^^^
  File "C:\Users\capgo\AppData\Local\Python\pythoncore-3.14-64\Lib\http\client.
py", line 1122, in _send_output
    self.send(msg)
    ~~~~~~~~~^^^^^
  File "C:\Users\capgo\AppData\Local\Python\pythoncore-3.14-64\Lib\http\client.
py", line 1066, in send
    self.connect()
    ~~~~~~~~~~~~^^
  File "C:\Users\capgo\AppData\Local\Python\pythoncore-3.14-64\Lib\http\client.
py", line 1032, in connect
    self.sock = self._create_connection(
                ~~~~~~~~~~~~~~~~~~~~~~~^
        (self.host,self.port), self.timeout, self.source_address)
        ^^^^^^^^^^^^^^^^^^^^^^^^^^^^^^^^^^^^^^^^^^^^^^^^^^^^^^^^^
  File "C:\Users\capgo\AppData\Local\Python\pythoncore-3.14-64\Lib\socket.py", 
line 874, in create_connection
    raise exceptions[0]
  File "C:\Users\capgo\AppData\Local\Python\pythoncore-3.14-64\Lib\socket.py", 
line 859, in create_connection
    sock.connect(sa)
    ~~~~~~~~~~~~^^^^
ConnectionRefusedError: [WinError 10061] 由于目标计算机积极拒绝，无法连接。

During handling of the above exception, another exception occurred:

Traceback (most recent call last):
  File "D:\Users\capgo\Desktop\SaaSAgentOS\test_observability.py", line 98, in 
<module>
    tokens = get("/metrics/tokens")
  File "D:\Users\capgo\Desktop\SaaSAgentOS\test_observability.py", line 25, in 
get
    with urllib.request.urlopen(BASE + path) as r:
         ~~~~~~~~~~~~~~~~~~~~~~^^^^^^^^^^^^^
  File "C:\Users\capgo\AppData\Local\Python\pythoncore-3.14-64\Lib\urllib\reque
st.py", line 187, in urlopen
    return opener.open(url, data, timeout)
           ~~~~~~~~~~~^^^^^^^^^^^^^^^^^^^^
  File "C:\Users\capgo\AppData\Local\Python\pythoncore-3.14-64\Lib\urllib\reque
st.py", line 487, in open
    response = self._open(req, data)
  File "C:\Users\capgo\AppData\Local\Python\pythoncore-3.14-64\Lib\urllib\reque
st.py", line 504, in _open
    result = self._call_chain(self.handle_open, protocol, protocol +
                              '_open', req)
  File "C:\Users\capgo\AppData\Local\Python\pythoncore-3.14-64\Lib\urllib\reque
st.py", line 464, in _call_chain
    result = func(*args)
  File "C:\Users\capgo\AppData\Local\Python\pythoncore-3.14-64\Lib\urllib\reque
st.py", line 1350, in http_open
    return self.do_open(http.client.HTTPConnection, req)
           ~~~~~~~~~~~~^^^^^^^^^^^^^^^^^^^^^^^^^^^^^^^^^
  File "C:\Users\capgo\AppData\Local\Python\pythoncore-3.14-64\Lib\urllib\reque
st.py", line 1324, in do_open
    raise URLError(err)
urllib.error.URLError: <urlopen error [WinError 10061] 由于目标计算机积极拒绝，无法连接。>
